# stage-run 2026-07-13T04:15:19.737Z
jobId=job-take-mrhmharr
scriptId=04-set-equality
takeId=take-mrhmharr
stage=stabilize
runId=stabilize-mripljg8

[2026-07-13T04:15:19.738Z] Starting stabilize
[2026-07-13T04:15:19.739Z] Analyzing shake (vidstab pass 1)
[2026-07-13T04:15:19.740Z] $ ffmpeg -y -hide_banner -loglevel warning -i /Users/johndoe/Documents/company/video_ops/scripts/abstract_algebra_in_proof_assistant/04-set-equality/takes/take-mrhmharr/source.mp4 -vf vidstabdetect=shakiness=5:accuracy=15:result=/Users/johndoe/Documents/company/video_ops/scripts/abstract_algebra_in_proof_assistant/04-set-equality/takes/take-mrhmharr/pipeline/stabilize/stabilize-mripljg8/transforms.trf -f null -
[stderr] [null @ 0x13bf0ec70] Application provided invalid, non monotonically increasing dts to muxer in stream 0: 188 >= 188
[stderr] [null @ 0x13bf0ec70] Application provided invalid, non monotonically increasing dts to muxer in stream 0: 367 >= 367
[stderr] [null @ 0x13bf0ec70] Application provided invalid, non monotonically increasing dts to muxer in stream 0: 546 >= 546
[stderr] [null @ 0x13bf0ec70] Application provided invalid, non monotonically increasing dts to muxer in stream 0: 725 >= 725
[stderr] [null @ 0x13bf0ec70] Application provided invalid, non monotonically increasing dts to muxer in stream 0: 904 >= 904
[stderr] [null @ 0x13bf0ec70] Application provided invalid, non monotonically increasing dts to muxer in stream 0: 907 >= 907
[stderr] [null @ 0x13bf0ec70] Application provided invalid, non monotonically increasing dts to muxer in stream 0: 912 >= 912
[stderr] [null @ 0x13bf0ec70] Application provided invalid, non monotonically increasing dts to muxer in stream 0: 1092 >= 1092
[stderr] [null @ 0x13bf0ec70] Application provided invalid, non monotonically increasing dts to muxer in stream 0: 1271 >= 1271
[stderr] [null @ 0x13bf0ec70] Application provided invalid, non monotonically increasing dts to muxer in stream 0: 1656 >= 1656
[stderr] [null @ 0x13bf0ec70] Application provided invalid, non monotonically increasing dts to muxer in stream 0: 1835 >= 1835
[stderr] [null @ 0x13bf0ec70] Application provided invalid, non monotonically increasing dts to muxer in stream 0: 2014 >= 2014
[stderr] [null @ 0x13bf0ec70] Application provided invalid, non monotonically increasing dts to muxer in stream 0: 2202 >= 2202
[stderr] [null @ 0x13bf0ec70] Application provided invalid, non monotonically increasing dts to muxer in stream 0: 2381 >= 2381
[stderr] [null @ 0x13bf0ec70] Application provided invalid, non monotonically increasing dts to muxer in stream 0: 2560 >= 2560
[stderr] [null @ 0x13bf0ec70] Application provided invalid, non monotonically increasing dts to muxer in stream 0: 2739 >= 2739
[stderr] [null @ 0x13bf0ec70] Application provided invalid, non monotonically increasing dts to muxer in stream 0: 2918 >= 2918
[stderr] [null @ 0x13bf0ec70] Application provided invalid, non monotonically increasing dts to muxer in stream 0: 3106 >= 3106
[stderr] [null @ 0x13bf0ec70] Application provided invalid, non monotonically increasing dts to muxer in stream 0: 3285 >= 3285
[stderr] [null @ 0x13bf0ec70] Application provided invalid, non monotonically increasing dts to muxer in stream 0: 3464 >= 3464
[stderr] [null @ 0x13bf0ec70] Application provided invalid, non monotonically increasing dts to muxer in stream 0: 3643 >= 3643
[stderr] [null @ 0x13bf0ec70] Application provided invalid, non monotonically increasing dts to muxer in stream 0: 3822 >= 3822
[stderr] [null @ 0x13bf0ec70] Application provided invalid, non monotonically increasing dts to muxer in stream 0: 4010 >= 4010
[stderr] [null @ 0x13bf0ec70] Application provided invalid, non monotonically increasing dts to muxer in stream 0: 4189 >= 4189
[stderr] [null @ 0x13bf0ec70] Application provided invalid, non monotonically increasing dts to muxer in stream 0: 4923 >= 4923
[stderr] [null @ 0x13bf0ec70] Application provided invalid, non monotonically increasing dts to muxer in stream 0: 4931 >= 4931
[stderr] [null @ 0x13bf0ec70] Application provided invalid, non monotonically increasing dts to muxer in stream 0: 4940 >= 4940
[stderr] [null @ 0x13bf0ec70] Application provided invalid, non monotonically increasing dts to muxer in stream 0: 4949 >= 4949
[stderr] [null @ 0x13bf0ec70] Application provided invalid, non monotonically increasing dts to muxer in stream 0: 4958 >= 4958
[stderr] [null @ 0x13bf0ec70] Application provided invalid, non monotonically increasing dts to muxer in stream 0: 5173 >= 5173
[stderr] [null @ 0x13bf0ec70] Application provided invalid, non monotonically increasing dts to muxer in stream 0: 5352 >= 5352
[stderr] [null @ 0x13bf0ec70] Application provided invalid, non monotonically increasing dts to muxer in stream 0: 5531 >= 5531
[stderr] [null @ 0x13bf0ec70] Application provided invalid, non monotonically increasing dts to muxer in stream 0: 5710 >= 5710
[stderr] [null @ 0x13bf0ec70] Application provided invalid, non monotonically increasing dts to muxer in stream 0: 5898 >= 5898
[stderr] [null @ 0x13bf0ec70] Application provided invalid, non monotonically increasing dts to muxer in stream 0: 6077 >= 6077
[stderr] [null @ 0x13bf0ec70] Application provided invalid, non monotonically increasing dts to muxer in stream 0: 6256 >= 6256
[stderr] [null @ 0x13bf0ec70] Application provided invalid, non monotonically increasing dts to muxer in stream 0: 6435 >= 6435
[stderr] [null @ 0x13bf0ec70] Application provided invalid, non monotonically increasing dts to muxer in stream 0: 6614 >= 6614
[stderr] [null @ 0x13bf0ec70] Application provided invalid, non monotonically increasing dts to muxer in stream 0: 6802 >= 6802
[stderr] [null @ 0x13bf0ec70] Application provided invalid, non monotonically increasing dts to muxer in stream 0: 6981 >= 6981
[stderr] [null @ 0x13bf0ec70] Application provided invalid, non monotonically increasing dts to muxer in stream 0: 7473 >= 7473
[stderr] [null @ 0x13bf0ec70] Application provided invalid, non monotonically increasing dts to muxer in stream 0: 7482 >= 7482
[stderr] [null @ 0x13bf0ec70] Application provided invalid, non monotonically increasing dts to muxer in stream 0: 7491 >= 7491
[stderr] [null @ 0x13bf0ec70] Application provided invalid, non monotonically increasing dts to muxer in stream 0: 7500 >= 7500
[stderr] [null @ 0x13bf0ec70] Application provided invalid, non monotonically increasing dts to muxer in stream 0: 7509 >= 7509
[stderr] [null @ 0x13bf0ec70] Application provided invalid, non monotonically increasing dts to muxer in stream 0: 8395 >= 8395
[stderr] [null @ 0x13bf0ec70] Application provided invalid, non monotonically increasing dts to muxer in stream 0: 8404 >= 8404
[stderr] [null @ 0x13bf0ec70] Application provided invalid, non monotonically increasing dts to muxer in stream 0: 8413 >= 8413
[stderr] [null @ 0x13bf0ec70] Application provided invalid, non monotonically increasing dts to muxer in stream 0: 8422 >= 8422
[stderr] [null @ 0x13bf0ec70] Application provided invalid, non monotonically increasing dts to muxer in stream 0: 9308 >= 9308
[stderr] [null @ 0x13bf0ec70] Application provided invalid, non monotonically increasing dts to muxer in stream 0: 9317 >= 9317
[stderr] [null @ 0x13bf0ec70] Application provided invalid, non monotonically increasing dts to muxer in stream 0: 9326 >= 9326
[stderr] [null @ 0x13bf0ec70] Application provided invalid, non monotonically increasing dts to muxer in stream 0: 9335 >= 9335
[stderr] [null @ 0x13bf0ec70] Application provided invalid, non monotonically increasing dts to muxer in stream 0: 9344 >= 9344
[stderr] [null @ 0x13bf0ec70] Application provided invalid, non monotonically increasing dts to muxer in stream 0: 9756 >= 9756
[stderr] [null @ 0x13bf0ec70] Application provided invalid, non monotonically increasing dts to muxer in stream 0: 9943 >= 9943
[stderr] [null @ 0x13bf0ec70] Application provided invalid, non monotonically increasing dts to muxer in stream 0: 10122 >= 10122
[stderr] [null @ 0x13bf0ec70] Application provided invalid, non monotonically increasing dts to muxer in stream 0: 10301 >= 10301
[stderr] [null @ 0x13bf0ec70] Application provided invalid, non monotonically increasing dts to muxer in stream 0: 10480 >= 10480
[stderr] [null @ 0x13bf0ec70] Application provided invalid, non monotonically increasing dts to muxer in stream 0: 10659 >= 10659
[stderr] [null @ 0x13bf0ec70] Application provided invalid, non monotonically increasing dts to muxer in stream 0: 10847 >= 10847
[2026-07-13T04:16:50.814Z] exit 0
[2026-07-13T04:16:50.815Z] Applying stabilization (vidstab pass 2)
[2026-07-13T04:16:50.815Z] $ ffmpeg -y -hide_banner -loglevel warning -i /Users/johndoe/Documents/company/video_ops/scripts/abstract_algebra_in_proof_assistant/04-set-equality/takes/take-mrhmharr/source.mp4 -vf vidstabtransform=input=/Users/johndoe/Documents/company/video_ops/scripts/abstract_algebra_in_proof_assistant/04-set-equality/takes/take-mrhmharr/pipeline/stabilize/stabilize-mripljg8/transforms.trf:smoothing=30:zoom=5:interpol=bilinear,unsharp=5:5:0.8:3:3:0.4 -c:v libx264 -preset fast -crf 18 -c:a copy /Users/johndoe/Documents/company/video_ops/scripts/abstract_algebra_in_proof_assistant/04-set-equality/takes/take-mrhmharr/pipeline/stabilize/stabilize-mripljg8/stabilized.mp4
[2026-07-13T04:17:26.180Z] exit 0
[2026-07-13T04:17:26.181Z] Stabilization complete
[2026-07-13T04:17:26.182Z] stabilize complete
